Archive member included to satisfy reference by file (symbol)

/Applications/STM32CubeIDE.app/Contents/Eclipse/plugins/com.st.stm32cube.ide.mcu.externaltools.gnu-tools-for-stm32.13.3.rel1.macos64_1.0.0.202411102158/tools/bin/../lib/gcc/arm-none-eabi/13.3.1/../../../../arm-none-eabi/lib/thumb/v7e-m/nofp/libc_nano.a(libc_a-exit.o)
                              /Applications/STM32CubeIDE.app/Contents/Eclipse/plugins/com.st.stm32cube.ide.mcu.externaltools.gnu-tools-for-stm32.13.3.rel1.macos64_1.0.0.202411102158/tools/bin/../lib/gcc/arm-none-eabi/13.3.1/../../../../arm-none-eabi/lib/thumb/v7e-m/nofp/crt0.o (exit)
/Applications/STM32CubeIDE.app/Contents/Eclipse/plugins/com.st.stm32cube.ide.mcu.externaltools.gnu-tools-for-stm32.13.3.rel1.macos64_1.0.0.202411102158/tools/bin/../lib/gcc/arm-none-eabi/13.3.1/../../../../arm-none-eabi/lib/thumb/v7e-m/nofp/libc_nano.a(libc_a-findfp.o)
                              /Applications/STM32CubeIDE.app/Contents/Eclipse/plugins/com.st.stm32cube.ide.mcu.externaltools.gnu-tools-for-stm32.13.3.rel1.macos64_1.0.0.202411102158/tools/bin/../lib/gcc/arm-none-eabi/13.3.1/../../../../arm-none-eabi/lib/thumb/v7e-m/nofp/libc_nano.a(libc_a-exit.o) (__stdio_exit_handler)
/Applications/STM32CubeIDE.app/Contents/Eclipse/plugins/com.st.stm32cube.ide.mcu.externaltools.gnu-tools-for-stm32.13.3.rel1.macos64_1.0.0.202411102158/tools/bin/../lib/gcc/arm-none-eabi/13.3.1/../../../../arm-none-eabi/lib/thumb/v7e-m/nofp/libc_nano.a(libc_a-fwalk.o)
                              /Applications/STM32CubeIDE.app/Contents/Eclipse/plugins/com.st.stm32cube.ide.mcu.externaltools.gnu-tools-for-stm32.13.3.rel1.macos64_1.0.0.202411102158/tools/bin/../lib/gcc/arm-none-eabi/13.3.1/../../../../arm-none-eabi/lib/thumb/v7e-m/nofp/libc_nano.a(libc_a-findfp.o) (_fwalk_sglue)
/Applications/STM32CubeIDE.app/Contents/Eclipse/plugins/com.st.stm32cube.ide.mcu.externaltools.gnu-tools-for-stm32.13.3.rel1.macos64_1.0.0.202411102158/tools/bin/../lib/gcc/arm-none-eabi/13.3.1/../../../../arm-none-eabi/lib/thumb/v7e-m/nofp/libc_nano.a(libc_a-memset.o)
                              /Applications/STM32CubeIDE.app/Contents/Eclipse/plugins/com.st.stm32cube.ide.mcu.externaltools.gnu-tools-for-stm32.13.3.rel1.macos64_1.0.0.202411102158/tools/bin/../lib/gcc/arm-none-eabi/13.3.1/../../../../arm-none-eabi/lib/thumb/v7e-m/nofp/crt0.o (memset)
/Applications/STM32CubeIDE.app/Contents/Eclipse/plugins/com.st.stm32cube.ide.mcu.externaltools.gnu-tools-for-stm32.13.3.rel1.macos64_1.0.0.202411102158/tools/bin/../lib/gcc/arm-none-eabi/13.3.1/../../../../arm-none-eabi/lib/thumb/v7e-m/nofp/libc_nano.a(libc_a-errno.o)
                              ./Src/syscalls.o (__errno)
/Applications/STM32CubeIDE.app/Contents/Eclipse/plugins/com.st.stm32cube.ide.mcu.externaltools.gnu-tools-for-stm32.13.3.rel1.macos64_1.0.0.202411102158/tools/bin/../lib/gcc/arm-none-eabi/13.3.1/../../../../arm-none-eabi/lib/thumb/v7e-m/nofp/libc_nano.a(libc_a-init.o)
                              /Applications/STM32CubeIDE.app/Contents/Eclipse/plugins/com.st.stm32cube.ide.mcu.externaltools.gnu-tools-for-stm32.13.3.rel1.macos64_1.0.0.202411102158/tools/bin/../lib/gcc/arm-none-eabi/13.3.1/../../../../arm-none-eabi/lib/thumb/v7e-m/nofp/crt0.o (__libc_init_array)
/Applications/STM32CubeIDE.app/Contents/Eclipse/plugins/com.st.stm32cube.ide.mcu.externaltools.gnu-tools-for-stm32.13.3.rel1.macos64_1.0.0.202411102158/tools/bin/../lib/gcc/arm-none-eabi/13.3.1/../../../../arm-none-eabi/lib/thumb/v7e-m/nofp/libc_nano.a(libc_a-lock.o)
                              /Applications/STM32CubeIDE.app/Contents/Eclipse/plugins/com.st.stm32cube.ide.mcu.externaltools.gnu-tools-for-stm32.13.3.rel1.macos64_1.0.0.202411102158/tools/bin/../lib/gcc/arm-none-eabi/13.3.1/../../../../arm-none-eabi/lib/thumb/v7e-m/nofp/libc_nano.a(libc_a-findfp.o) (__retarget_lock_init_recursive)
/Applications/STM32CubeIDE.app/Contents/Eclipse/plugins/com.st.stm32cube.ide.mcu.externaltools.gnu-tools-for-stm32.13.3.rel1.macos64_1.0.0.202411102158/tools/bin/../lib/gcc/arm-none-eabi/13.3.1/../../../../arm-none-eabi/lib/thumb/v7e-m/nofp/libc_nano.a(libc_a-impure.o)
                              /Applications/STM32CubeIDE.app/Contents/Eclipse/plugins/com.st.stm32cube.ide.mcu.externaltools.gnu-tools-for-stm32.13.3.rel1.macos64_1.0.0.202411102158/tools/bin/../lib/gcc/arm-none-eabi/13.3.1/../../../../arm-none-eabi/lib/thumb/v7e-m/nofp/libc_nano.a(libc_a-errno.o) (_impure_ptr)
/Applications/STM32CubeIDE.app/Contents/Eclipse/plugins/com.st.stm32cube.ide.mcu.externaltools.gnu-tools-for-stm32.13.3.rel1.macos64_1.0.0.202411102158/tools/bin/../lib/gcc/arm-none-eabi/13.3.1/../../../../arm-none-eabi/lib/thumb/v7e-m/nofp/libc_nano.a(libc_a-mallocr.o)
[...]
Memory Configuration

Name             Origin             Length             Attributes
CCMRAM           0x10000000         0x00010000         xrw
RAM              0x20000000         0x00020000         xrw
FLASH            0x08000000         0x00100000         xr
*default*        0x00000000         0xffffffff

Linker script and memory map

LOAD /Applications/STM32CubeIDE.app/Contents/Eclipse/plugins/com.st.stm32cube.ide.mcu.externaltools.gnu-tools-for-stm32.13.3.rel1.macos64_1.0.0.202411102158/tools/bin/../lib/gcc/arm-none-eabi/13.3.1/thumb/v7e-m/nofp/crti.o
LOAD /Applications/STM32CubeIDE.app/Contents/Eclipse/plugins/com.st.stm32cube.ide.mcu.externaltools.gnu-tools-for-stm32.13.3.rel1.macos64_1.0.0.202411102158/tools/bin/../lib/gcc/arm-none-eabi/13.3.1/thumb/v7e-m/nofp/crtbegin.o
LOAD /Applications/STM32CubeIDE.app/Contents/Eclipse/plugins/com.st.stm32cube.ide.mcu.externaltools.gnu-tools-for-stm32.13.3.rel1.macos64_1.0.0.202411102158/tools/bin/../lib/gcc/arm-none-eabi/13.3.1/../../../../arm-none-eabi/lib/thumb/v7e-m/nofp/crt0.o
LOAD ./Src/main.o
LOAD ./Src/syscalls.o
LOAD ./Src/sysmem.o
LOAD ./Startup/startup_stm32f407vgtx.o
LOAD ./drivers/Src/max30102_driver.o
LOAD ./drivers/Src/ssd1306_driver.o
LOAD ./drivers/Src/stm32f407xx_gpio_driver.o
LOAD ./drivers/Src/stm32f407xx_i2c_driver.o
LOAD ./drivers/Src/stm32f407xx_spi_driver.o
START GROUP
LOAD /Applications/STM32CubeIDE.app/Contents/Eclipse/plugins/com.st.stm32cube.ide.mcu.externaltools.gnu-tools-for-stm32.13.3.rel1.macos64_1.0.0.202411102158/tools/bin/../lib/gcc/arm-none-eabi/13.3.1/../../../../arm-none-eabi/lib/thumb/v7e-m/nofp/libc_nano.a
LOAD /Applications/STM32CubeIDE.app/Contents/Eclipse/plugins/com.st.stm32cube.ide.mcu.externaltools.gnu-tools-for-stm32.13.3.rel1.macos64_1.0.0.202411102158/tools/bin/../lib/gcc/arm-none-eabi/13.3.1/../../../../arm-none-eabi/lib/thumb/v7e-m/nofp/libm.a
END GROUP
START GROUP
LOAD /Applications/STM32CubeIDE.app/Contents/Eclipse/plugins/com.st.stm32cube.ide.mcu.externaltools.gnu-tools-for-stm32.13.3.rel1.macos64_1.0.0.202411102158/tools/bin/../lib/gcc/arm-none-eabi/13.3.1/thumb/v7e-m/nofp/libgcc.a
LOAD /Applications/STM32CubeIDE.app/Contents/Eclipse/plugins/com.st.stm32cube.ide.mcu.externaltools.gnu-tools-for-stm32.13.3.rel1.macos64_1.0.0.202411102158/tools/bin/../lib/gcc/arm-none-eabi/13.3.1/../../../../arm-none-eabi/lib/thumb/v7e-m/nofp/libc_nano.a
END GROUP
START GROUP
LOAD /Applications/STM32CubeIDE.app/Contents/Eclipse/plugins/com.st.stm32cube.ide.mcu.externaltools.gnu-tools-for-stm32.13.3.rel1.macos64_1.0.0.202411102158/tools/bin/../lib/gcc/arm-none-eabi/13.3.1/thumb/v7e-m/nofp/libgcc.a
LOAD /Applications/STM32CubeIDE.app/Contents/Eclipse/plugins/com.st.stm32cube.ide.mcu.externaltools.gnu-tools-for-stm32.13.3.rel1.macos64_1.0.0.202411102158/tools/bin/../lib/gcc/arm-none-eabi/13.3.1/../../../../arm-none-eabi/lib/thumb/v7e-m/nofp/libc_nano.a
LOAD /Applications/STM32CubeIDE.app/Contents/Eclipse/plugins/com.st.stm32cube.ide.mcu.externaltools.gnu-tools-for-stm32.13.3.rel1.macos64_1.0.0.202411102158/tools/bin/../lib/gcc/arm-none-eabi/13.3.1/../../../../arm-none-eabi/lib/thumb/v7e-m/nofp/libnosys.a
END GROUP
START GROUP
LOAD /Applications/STM32CubeIDE.app/Contents/Eclipse/plugins/com.st.stm32cube.ide.mcu.externaltools.gnu-tools-for-stm32.13.3.rel1.macos64_1.0.0.202411102158/tools/bin/../lib/gcc/arm-none-eabi/13.3.1/thumb/v7e-m/nofp/libgcc.a
LOAD /Applications/STM32CubeIDE.app/Contents/Eclipse/plugins/com.st.stm32cube.ide.mcu.externaltools.gnu-tools-for-stm32.13.3.rel1.macos64_1.0.0.202411102158/tools/bin/../lib/gcc/arm-none-eabi/13.3.1/../../../../arm-none-eabi/lib/thumb/v7e-m/nofp/libc_nano.a
LOAD /Applications/STM32CubeIDE.app/Contents/Eclipse/plugins/com.st.stm32cube.ide.mcu.externaltools.gnu-tools-for-stm32.13.3.rel1.macos64_1.0.0.202411102158/tools/bin/../lib/gcc/arm-none-eabi/13.3.1/../../../../arm-none-eabi/lib/thumb/v7e-m/nofp/libnosys.a
END GROUP
LOAD /Applications/STM32CubeIDE.app/Contents/Eclipse/plugins/com.st.stm32cube.ide.mcu.externaltools.gnu-tools-for-stm32.13.3.rel1.macos64_1.0.0.202411102158/tools/bin/../lib/gcc/arm-none-eabi/13.3.1/thumb/v7e-m/nofp/crtend.o
LOAD /Applications/STM32CubeIDE.app/Contents/Eclipse/plugins/com.st.stm32cube.ide.mcu.externaltools.gnu-tools-for-stm32.13.3.rel1.macos64_1.0.0.202411102158/tools/bin/../lib/gcc/arm-none-eabi/13.3.1/thumb/v7e-m/nofp/crtn.o
                0x20020000                        _estack = (ORIGIN (RAM) + LENGTH (RAM))
                0x00000200                        _Min_Heap_Size = 0x200
                0x00000400                        _Min_Stack_Size = 0x400

.isr_vector     0x08000000      0x188
                0x08000000                        . = ALIGN (0x4)
 *(.isr_vector)
 .isr_vector    0x08000000      0x188 ./Startup/startup_stm32f407vgtx.o
                0x08000000                g_pfnVectors
                0x08000188                        . = ALIGN (0x4)

.text           0x08000188     0x108c
                0x08000188                        . = ALIGN (0x4)
 *(.text)
 .text          0x08000188       0x40 /Applications/STM32CubeIDE.app/Contents/Eclipse/plugins/com.st.stm32cube.ide.mcu.externaltools.gnu-tools-for-stm32.13.3.rel1.macos64_1.0.0.202411102158/tools/bin/../lib/gcc/arm-none-eabi/13.3.1/thumb/v7e-m/nofp/crtbegin.o
 *(.text*)
 .text.SPI2_GPIO_Inits
                0x080001c8       0xa4 ./Src/main.o
                0x080001c8                SPI2_GPIO_Inits
 .text.SPI2_Inits
                0x0800026c       0x50 ./Src/main.o
                0x0800026c                SPI2_Inits
 .text.SSD1306_GPIO_Inits
                0x080002bc       0xdc ./Src/main.o
                0x080002bc                SSD1306_GPIO_Inits
 .text.UserButton_GPIO_Inits
                0x08000398       0x50 ./Src/main.o
                0x08000398                UserButton_GPIO_Inits
 .text.main     0x080003e8       0x54 ./Src/main.o
                0x080003e8                main
 .text.EXTI0_IRQHandler
                0x0800043c       0x20 ./Src/main.o
                0x0800043c                EXTI0_IRQHandler
 .text.Reset_Handler
                0x0800045c       0x50 ./Startup/startup_stm32f407vgtx.o
                0x0800045c                Reset_Handler
 .text.Default_Handler
                0x080004ac        0x2 ./Startup/startup_stm32f407vgtx.o
                0x080004ac                DMA1_Stream3_IRQHandler
                0x080004ac                HASH_RNG_IRQHandler
                0x080004ac                EXTI2_IRQHandler
                0x080004ac                TIM8_CC_IRQHandler
                0x080004ac                DebugMon_Handler
                0x080004ac                TIM1_CC_IRQHandler
                0x080004ac                DMA2_Stream5_IRQHandler
                0x080004ac                HardFault_Handler
                0x080004ac                DMA1_Stream5_IRQHandler
                0x080004ac                SysTick_Handler
                0x080004ac                PVD_IRQHandler
                0x080004ac                SDIO_IRQHandler
                0x080004ac                TAMP_STAMP_IRQHandler
                0x080004ac                PendSV_Handler
                0x080004ac                NMI_Handler
                0x080004ac                CAN2_RX1_IRQHandler
                0x080004ac                EXTI3_IRQHandler
                0x080004ac                TIM8_TRG_COM_TIM14_IRQHandler
                0x080004ac                TIM1_UP_TIM10_IRQHandler
                0x080004ac                TIM8_UP_TIM13_IRQHandler
                0x080004ac                I2C3_ER_IRQHandler
                0x080004ac                I2C2_EV_IRQHandler
                0x080004ac                DMA1_Stream2_IRQHandler
                0x080004ac                CAN1_RX0_IRQHandler
                0x080004ac                FPU_IRQHandler
                0x080004ac                OTG_HS_WKUP_IRQHandler
                0x080004ac                UsageFault_Handler
                0x080004ac                CAN2_SCE_IRQHandler
                0x080004ac                DMA2_Stream2_IRQHandler
                0x080004ac                SPI1_IRQHandler
                0x080004ac                TIM6_DAC_IRQHandler
                0x080004ac                TIM1_BRK_TIM9_IRQHandler
                0x080004ac                DCMI_IRQHandler
                0x080004ac                CAN2_RX0_IRQHandler
                0x080004ac                DMA2_Stream3_IRQHandler
                0x080004ac                USART6_IRQHandler
                0x080004ac                USART3_IRQHandler
                0x080004ac                CRYP_IRQHandler
                0x080004ac                CAN1_RX1_IRQHandler
                0x080004ac                UART5_IRQHandler
                0x080004ac                DMA2_Stream0_IRQHandler
                0x080004ac                TIM4_IRQHandler
                0x080004ac                I2C1_EV_IRQHandler
                0x080004ac                DMA1_Stream6_IRQHandler
                0x080004ac                DMA1_Stream1_IRQHandler
                0x080004ac                UART4_IRQHandler
                0x080004ac                TIM3_IRQHandler
                0x080004ac                RCC_IRQHandler
                0x080004ac                TIM8_BRK_TIM12_IRQHandler
                0x080004ac                Default_Handler
                0x080004ac                EXTI15_10_IRQHandler
                0x080004ac                ADC_IRQHandler
                0x080004ac                DMA1_Stream7_IRQHandler
                0x080004ac                TIM7_IRQHandler
                0x080004ac                CAN2_TX_IRQHandler
                0x080004ac                TIM5_IRQHandler
                0x080004ac                DMA2_Stream7_IRQHandler
                0x080004ac                I2C3_EV_IRQHandler
                0x080004ac                EXTI9_5_IRQHandler
                0x080004ac                RTC_WKUP_IRQHandler
                0x080004ac                ETH_WKUP_IRQHandler
                0x080004ac                SPI2_IRQHandler
                0x080004ac                OTG_HS_EP1_IN_IRQHandler
                0x080004ac                MemManage_Handler
                0x080004ac                DMA1_Stream0_IRQHandler
                0x080004ac                CAN1_TX_IRQHandler
                0x080004ac                SVC_Handler
                0x080004ac                EXTI4_IRQHandler
                0x080004ac                FSMC_IRQHandler
                0x080004ac                ETH_IRQHandler
                0x080004ac                OTG_HS_EP1_OUT_IRQHandler
                0x080004ac                WWDG_IRQHandler
                0x080004ac                TIM2_IRQHandler
                0x080004ac                OTG_FS_WKUP_IRQHandler
                0x080004ac                TIM1_TRG_COM_TIM11_IRQHandler
                0x080004ac                OTG_HS_IRQHandler
                0x080004ac                EXTI1_IRQHandler
                0x080004ac                USART2_IRQHandler
                0x080004ac                I2C2_ER_IRQHandler
                0x080004ac                DMA2_Stream1_IRQHandler
                0x080004ac                CAN1_SCE_IRQHandler
                0x080004ac                DMA2_Stream4_IRQHandler
                0x080004ac                BusFault_Handler
                0x080004ac                USART1_IRQHandler
                0x080004ac                OTG_FS_IRQHandler
                0x080004ac                SPI3_IRQHandler
                0x080004ac                DMA1_Stream4_IRQHandler
                0x080004ac                I2C1_ER_IRQHandler
                0x080004ac                DMA2_Stream6_IRQHandler
                0x080004ac                RTC_Alarm_IRQHandler
 .text.delay    0x080004ae       0x36 ./drivers/Src/ssd1306_driver.o
                0x080004ae                delay
 .text.CommandConfig
                0x080004e4       0x60 ./drivers/Src/ssd1306_driver.o
 .text.BufferDrawChar
                0x08000544       0x74 ./drivers/Src/ssd1306_driver.o
 .text.UpdateScreen
                0x080005b8       0x7c ./drivers/Src/ssd1306_driver.o
 .text.GetGlyph
                0x08000634       0x48 ./drivers/Src/ssd1306_driver.o
 .text.SSD1306_Init
                0x0800067c       0x4c ./drivers/Src/ssd1306_driver.o
                0x0800067c                SSD1306_Init
 .text.SSD1306_PowerDown
                0x080006c8       0x4c ./drivers/Src/ssd1306_driver.o
                0x080006c8                SSD1306_PowerDown
 .text.SSD1306_DisplayValue
                0x08000714       0x94 ./drivers/Src/ssd1306_driver.o
                0x08000714                SSD1306_DisplayValue
 .text.SSD1306_SendCommand
                0x080007a8       0x34 ./drivers/Src/ssd1306_driver.o
                0x080007a8                SSD1306_SendCommand
 .text.SSD1306_SendData
                0x080007dc       0x34 ./drivers/Src/ssd1306_driver.o
                0x080007dc                SSD1306_SendData
 .text.GPIO_Init
                0x08000810      0x34c ./drivers/Src/stm32f407xx_gpio_driver.o
                0x08000810                GPIO_Init
 .text.GPIO_PeriClockControl
                0x08000b5c      0x1d0 ./drivers/Src/stm32f407xx_gpio_driver.o
                0x08000b5c                GPIO_PeriClockControl
 .text.GPIO_WriteToOuputPin
                0x08000d2c       0x48 ./drivers/Src/stm32f407xx_gpio_driver.o
                0x08000d2c                GPIO_WriteToOuputPin
 .text.GPIO_IRQInterruptConfig
                0x08000d74      0x108 ./drivers/Src/stm32f407xx_gpio_driver.o
                0x08000d74                GPIO_IRQInterruptConfig
 .text.GPIO_IRQPriorityConfig
                0x08000e7c       0x58 ./drivers/Src/stm32f407xx_gpio_driver.o
                0x08000e7c                GPIO_IRQPriorityConfig
 .text.GPIO_IRQHandling
                0x08000ed4       0x40 ./drivers/Src/stm32f407xx_gpio_driver.o
                0x08000ed4                GPIO_IRQHandling
 .text.SPI_Init
                0x08000f14       0xb4 ./drivers/Src/stm32f407xx_spi_driver.o
                0x08000f14                SPI_Init
 .text.SPI_PeriClockControl
                0x08000fc8       0xb0 ./drivers/Src/stm32f407xx_spi_driver.o
                0x08000fc8                SPI_PeriClockControl
 .text.SPI_GetFlagStatus
                0x08001078       0x26 ./drivers/Src/stm32f407xx_spi_driver.o
                0x08001078                SPI_GetFlagStatus
 .text.SPI_SendData
                0x0800109e       0x7c ./drivers/Src/stm32f407xx_spi_driver.o
                0x0800109e                SPI_SendData
 .text.SPI_PeripheralControl
                0x0800111a       0x36 ./drivers/Src/stm32f407xx_spi_driver.o
                0x0800111a                SPI_PeripheralControl
 .text.SPI_SSIConfig
                0x08001150       0x36 ./drivers/Src/stm32f407xx_spi_driver.o
                0x08001150                SPI_SSIConfig
 .text.SPI_ClearOVRFlag
                0x08001186       0x1e ./drivers/Src/stm32f407xx_spi_driver.o
                0x08001186                SPI_ClearOVRFlag
 .text.memset   0x080011a4       0x10 /Applications/STM32CubeIDE.app/Contents/Eclipse/plugins/com.st.stm32cube.ide.mcu.externaltools.gnu-tools-for-stm32.13.3.rel1.macos64_1.0.0.202411102158/tools/bin/../lib/gcc/arm-none-eabi/13.3.1/../../../../arm-none-eabi/lib/thumb/v7e-m/nofp/libc_nano.a(libc_a-memset.o)
                0x080011a4                memset
 .text.__libc_init_array
                0x080011b4       0x48 /Applications/STM32CubeIDE.app/Contents/Eclipse/plugins/com.st.stm32cube.ide.mcu.externaltools.gnu-tools-for-stm32.13.3.rel1.macos64_1.0.0.202411102158/tools/bin/../lib/gcc/arm-none-eabi/13.3.1/../../../../arm-none-eabi/lib/thumb/v7e-m/nofp/libc_nano.a(libc_a-init.o)
                0x080011b4                __libc_init_array
 *(.glue_7)
 .glue_7        0x080011fc        0x0 linker stubs
 *(.glue_7t)
 .glue_7t       0x080011fc        0x0 linker stubs
 *(.eh_frame)
 .eh_frame      0x080011fc        0x0 /Applications/STM32CubeIDE.app/Contents/Eclipse/plugins/com.st.stm32cube.ide.mcu.externaltools.gnu-tools-for-stm32.13.3.rel1.macos64_1.0.0.202411102158/tools/bin/../lib/gcc/arm-none-eabi/13.3.1/thumb/v7e-m/nofp/crtbegin.o
 *(.init)
 .init          0x080011fc        0x4 /Applications/STM32CubeIDE.app/Contents/Eclipse/plugins/com.st.stm32cube.ide.mcu.externaltools.gnu-tools-for-stm32.13.3.rel1.macos64_1.0.0.202411102158/tools/bin/../lib/gcc/arm-none-eabi/13.3.1/thumb/v7e-m/nofp/crti.o
                0x080011fc                _init
 .init          0x08001200        0x8 /Applications/STM32CubeIDE.app/Contents/Eclipse/plugins/com.st.stm32cube.ide.mcu.externaltools.gnu-tools-for-stm32.13.3.rel1.macos64_1.0.0.202411102158/tools/bin/../lib/gcc/arm-none-eabi/13.3.1/thumb/v7e-m/nofp/crtn.o
 *(.fini)
 .fini          0x08001208        0x4 /Applications/STM32CubeIDE.app/Contents/Eclipse/plugins/com.st.stm32cube.ide.mcu.externaltools.gnu-tools-for-stm32.13.3.rel1.macos64_1.0.0.202411102158/tools/bin/../lib/gcc/arm-none-eabi/13.3.1/thumb/v7e-m/nofp/crti.o
                0x08001208                _fini
 .fini          0x0800120c        0x8 /Applications/STM32CubeIDE.app/Contents/Eclipse/plugins/com.st.stm32cube.ide.mcu.externaltools.gnu-tools-for-stm32.13.3.rel1.macos64_1.0.0.202411102158/tools/bin/../lib/gcc/arm-none-eabi/13.3.1/thumb/v7e-m/nofp/crtn.o
                0x08001214                        . = ALIGN (0x4)
                0x08001214                        _etext = .

.vfp11_veneer   0x08001214        0x0
 .vfp11_veneer  0x08001214        0x0 linker stubs

.v4_bx          0x08001214        0x0
 .v4_bx         0x08001214        0x0 linker stubs

.iplt           0x08001214        0x0
 .iplt          0x08001214        0x0 /Applications/STM32CubeIDE.app/Contents/Eclipse/plugins/com.st.stm32cube.ide.mcu.externaltools.gnu-tools-for-stm32.13.3.rel1.macos64_1.0.0.202411102158/tools/bin/../lib/gcc/arm-none-eabi/13.3.1/thumb/v7e-m/nofp/crtbegin.o

.rodata         0x08001214      0x228
                0x08001214                        . = ALIGN (0x4)
 *(.rodata)
 *(.rodata*)
 .rodata.Init_Seq
                0x08001214       0x18 ./drivers/Src/ssd1306_driver.o
 .rodata.Font16x24
                0x0800122c      0x210 ./drivers/Src/ssd1306_driver.o
                0x0800143c                        . = ALIGN (0x4)

.ARM.extab      0x0800143c        0x0
                0x0800143c                        . = ALIGN (0x4)
 *(.ARM.extab* .gnu.linkonce.armextab.*)
                0x0800143c                        . = ALIGN (0x4)

.ARM            0x0800143c        0x0
                0x0800143c                        . = ALIGN (0x4)
                0x0800143c                        __exidx_start = .
 *(.ARM.exidx*)
                0x0800143c                        __exidx_end = .
                0x0800143c                        . = ALIGN (0x4)

.preinit_array  0x0800143c        0x0
                0x0800143c                        . = ALIGN (0x4)
                0x0800143c                        PROVIDE (__preinit_array_start = .)
 *(.preinit_array*)
                0x0800143c                        PROVIDE (__preinit_array_end = .)
                0x0800143c                        . = ALIGN (0x4)

.init_array     0x0800143c        0x4
                0x0800143c                        . = ALIGN (0x4)
                0x0800143c                        PROVIDE (__init_array_start = .)
 *(SORT_BY_NAME(.init_array.*))
 *(.init_array*)
 .init_array    0x0800143c        0x4 /Applications/STM32CubeIDE.app/Contents/Eclipse/plugins/com.st.stm32cube.ide.mcu.externaltools.gnu-tools-for-stm32.13.3.rel1.macos64_1.0.0.202411102158/tools/bin/../lib/gcc/arm-none-eabi/13.3.1/thumb/v7e-m/nofp/crtbegin.o
                0x08001440                        PROVIDE (__init_array_end = .)
                0x08001440                        . = ALIGN (0x4)

.fini_array     0x08001440        0x4
                0x08001440                        . = ALIGN (0x4)
                [!provide]                        PROVIDE (__fini_array_start = .)
 *(SORT_BY_NAME(.fini_array.*))
 *(.fini_array*)
 .fini_array    0x08001440        0x4 /Applications/STM32CubeIDE.app/Contents/Eclipse/plugins/com.st.stm32cube.ide.mcu.externaltools.gnu-tools-for-stm32.13.3.rel1.macos64_1.0.0.202411102158/tools/bin/../lib/gcc/arm-none-eabi/13.3.1/thumb/v7e-m/nofp/crtbegin.o
                [!provide]                        PROVIDE (__fini_array_end = .)
                0x08001444                        . = ALIGN (0x4)
                0x08001444                        _sidata = LOADADDR (.data)

.rel.dyn        0x08001444        0x0
 .rel.iplt      0x08001444        0x0 /Applications/STM32CubeIDE.app/Contents/Eclipse/plugins/com.st.stm32cube.ide.mcu.externaltools.gnu-tools-for-stm32.13.3.rel1.macos64_1.0.0.202411102158/tools/bin/../lib/gcc/arm-none-eabi/13.3.1/thumb/v7e-m/nofp/crtbegin.o

.data           0x20000000        0x0 load address 0x08001444
                0x20000000                        . = ALIGN (0x4)
                0x20000000                        _sdata = .
 *(.data)
 *(.data*)
 *(.RamFunc)
 *(.RamFunc*)
                0x20000000                        . = ALIGN (0x4)
                0x20000000                        _edata = .
                0x08001444                        _siccmram = LOADADDR (.ccmram)

.igot.plt       0x20000000        0x0 load address 0x08001444
 .igot.plt      0x20000000        0x0 /Applications/STM32CubeIDE.app/Contents/Eclipse/plugins/com.st.stm32cube.ide.mcu.externaltools.gnu-tools-for-stm32.13.3.rel1.macos64_1.0.0.202411102158/tools/bin/../lib/gcc/arm-none-eabi/13.3.1/thumb/v7e-m/nofp/crtbegin.o

.ccmram         0x10000000        0x0 load address 0x08001444
                0x10000000                        . = ALIGN (0x4)
                0x10000000                        _sccmram = .
 *(.ccmram)
 *(.ccmram*)
                0x10000000                        . = ALIGN (0x4)
                0x10000000                        _eccmram = .
                0x10000000                        . = ALIGN (0x4)

.bss            0x20000000      0x478
                0x20000000                        _sbss = .
                0x20000000                        __bss_start__ = _sbss
 *(.bss)
 .bss           0x20000000       0x1c /Applications/STM32CubeIDE.app/Contents/Eclipse/plugins/com.st.stm32cube.ide.mcu.externaltools.gnu-tools-for-stm32.13.3.rel1.macos64_1.0.0.202411102158/tools/bin/../lib/gcc/arm-none-eabi/13.3.1/thumb/v7e-m/nofp/crtbegin.o
 *(.bss*)
 .bss.SSD1306Handle
                0x2000001c       0x5c ./Src/main.o
                0x2000001c                SSD1306Handle
 .bss.ssd1306_buffer
                0x20000078      0x400 ./drivers/Src/ssd1306_driver.o
 *(COMMON)
                0x20000478                        . = ALIGN (0x4)
                0x20000478                        _ebss = .
                0x20000478                        __bss_end__ = _ebss

._user_heap_stack
                0x20000478      0x600
                0x20000478                        . = ALIGN (0x8)
                [!provide]                        PROVIDE (end = .)
                0x20000478                        PROVIDE (_end = .)
                0x20000678                        . = (. + _Min_Heap_Size)
 *fill*         0x20000478      0x200 
                0x20000a78                        . = (. + _Min_Stack_Size)
 *fill*         0x20000678      0x400 
                0x20000a78                        . = ALIGN (0x8)

/DISCARD/
 libc.a(*)
 libm.a(*)
 libgcc.a(*)

.ARM.attributes
                0x00000000       0x2a
 *(.ARM.attributes)
 .ARM.attributes
                0x00000000       0x1e /Applications/STM32CubeIDE.app/Contents/Eclipse/plugins/com.st.stm32cube.ide.mcu.externaltools.gnu-tools-for-stm32.13.3.rel1.macos64_1.0.0.202411102158/tools/bin/../lib/gcc/arm-none-eabi/13.3.1/thumb/v7e-m/nofp/crti.o
 .ARM.attributes
                0x0000001e       0x2e /Applications/STM32CubeIDE.app/Contents/Eclipse/plugins/com.st.stm32cube.ide.mcu.externaltools.gnu-tools-for-stm32.13.3.rel1.macos64_1.0.0.202411102158/tools/bin/../lib/gcc/arm-none-eabi/13.3.1/thumb/v7e-m/nofp/crtbegin.o
 .ARM.attributes
                0x0000004c       0x2e ./Src/main.o
 .ARM.attributes
                0x0000007a       0x21 ./Startup/startup_stm32f407vgtx.o
 .ARM.attributes
                0x0000009b       0x2e ./drivers/Src/ssd1306_driver.o
 .ARM.attributes
                0x000000c9       0x2e ./drivers/Src/stm32f407xx_gpio_driver.o
 .ARM.attributes
                0x000000f7       0x2e ./drivers/Src/stm32f407xx_spi_driver.o
 .ARM.attributes
                0x00000125       0x2e /Applications/STM32CubeIDE.app/Contents/Eclipse/plugins/com.st.stm32cube.ide.mcu.externaltools.gnu-tools-for-stm32.13.3.rel1.macos64_1.0.0.202411102158/tools/bin/../lib/gcc/arm-none-eabi/13.3.1/../../../../arm-none-eabi/lib/thumb/v7e-m/nofp/libc_nano.a(libc_a-memset.o)
 .ARM.attributes
                0x00000153       0x2e /Applications/STM32CubeIDE.app/Contents/Eclipse/plugins/com.st.stm32cube.ide.mcu.externaltools.gnu-tools-for-stm32.13.3.rel1.macos64_1.0.0.202411102158/tools/bin/../lib/gcc/arm-none-eabi/13.3.1/../../../../arm-none-eabi/lib/thumb/v7e-m/nofp/libc_nano.a(libc_a-init.o)
 .ARM.attributes
                0x00000181       0x1e /Applications/STM32CubeIDE.app/Contents/Eclipse/plugins/com.st.stm32cube.ide.mcu.externaltools.gnu-tools-for-stm32.13.3.rel1.macos64_1.0.0.202411102158/tools/bin/../lib/gcc/arm-none-eabi/13.3.1/thumb/v7e-m/nofp/crtn.o
OUTPUT(PulseOximeter.elf elf32-littlearm)
LOAD linker stubs
LOAD /Applications/STM32CubeIDE.app/Contents/Eclipse/plugins/com.st.stm32cube.ide.mcu.externaltools.gnu-tools-for-stm32.13.3.rel1.macos64_1.0.0.202411102158/tools/bin/../lib/gcc/arm-none-eabi/13.3.1/../../../../arm-none-eabi/lib/thumb/v7e-m/nofp/libc.a
LOAD /Applications/STM32CubeIDE.app/Contents/Eclipse/plugins/com.st.stm32cube.ide.mcu.externaltools.gnu-tools-for-stm32.13.3.rel1.macos64_1.0.0.202411102158/tools/bin/../lib/gcc/arm-none-eabi/13.3.1/../../../../arm-none-eabi/lib/thumb/v7e-m/nofp/libm.a
LOAD /Applications/STM32CubeIDE.app/Contents/Eclipse/plugins/com.st.stm32cube.ide.mcu.externaltools.gnu-tools-for-stm32.13.3.rel1.macos64_1.0.0.202411102158/tools/bin/../lib/gcc/arm-none-eabi/13.3.1/thumb/v7e-m/nofp/libgcc.a

.debug_info     0x00000000     0x1cce
 .debug_info    0x00000000      0x56f ./Src/main.o
 .debug_info    0x0000056f       0x30 ./Startup/startup_stm32f407vgtx.o
 .debug_info    0x0000059f      0x6fe ./drivers/Src/ssd1306_driver.o
 .debug_info    0x00000c9d      0x773 ./drivers/Src/stm32f407xx_gpio_driver.o
 .debug_info    0x00001410      0x8be ./drivers/Src/stm32f407xx_spi_driver.o

.debug_abbrev   0x00000000      0x69a
 .debug_abbrev  0x00000000      0x145 ./Src/main.o
 .debug_abbrev  0x00000145       0x24 ./Startup/startup_stm32f407vgtx.o
 .debug_abbrev  0x00000169      0x204 ./drivers/Src/ssd1306_driver.o
 .debug_abbrev  0x0000036d      0x161 ./drivers/Src/stm32f407xx_gpio_driver.o
 .debug_abbrev  0x000004ce      0x1cc ./drivers/Src/stm32f407xx_spi_driver.o

.debug_aranges  0x00000000      0x208
 .debug_aranges
                0x00000000       0x48 ./Src/main.o
 .debug_aranges
                0x00000048       0x28 ./Startup/startup_stm32f407vgtx.o
 .debug_aranges
                0x00000070       0x68 ./drivers/Src/ssd1306_driver.o
 .debug_aranges
                0x000000d8       0x70 ./drivers/Src/stm32f407xx_gpio_driver.o
 .debug_aranges
                0x00000148       0xc0 ./drivers/Src/stm32f407xx_spi_driver.o

.debug_rnglists
                0x00000000      0x17a
 .debug_rnglists
                0x00000000       0x33 ./Src/main.o
 .debug_rnglists
                0x00000033       0x19 ./Startup/startup_stm32f407vgtx.o
 .debug_rnglists
                0x0000004c       0x4a ./drivers/Src/ssd1306_driver.o
 .debug_rnglists
                0x00000096       0x53 ./drivers/Src/stm32f407xx_gpio_driver.o
 .debug_rnglists
                0x000000e9       0x91 ./drivers/Src/stm32f407xx_spi_driver.o

.debug_macro    0x00000000     0x289d
 .debug_macro   0x00000000      0x180 ./Src/main.o
 .debug_macro   0x00000180      0xad8 ./Src/main.o
 .debug_macro   0x00000c58       0x22 ./Src/main.o
 .debug_macro   0x00000c7a       0x8e ./Src/main.o
 .debug_macro   0x00000d08       0x51 ./Src/main.o
 .debug_macro   0x00000d59      0x103 ./Src/main.o
 .debug_macro   0x00000e5c       0x6a ./Src/main.o
 .debug_macro   0x00000ec6      0x1df ./Src/main.o
 .debug_macro   0x000010a5      0x190 ./Src/main.o
 .debug_macro   0x00001235       0x61 ./Src/main.o
 .debug_macro   0x00001296       0x24 ./Src/main.o
 .debug_macro   0x000012ba       0x43 ./Src/main.o
 .debug_macro   0x000012fd       0x34 ./Src/main.o
 .debug_macro   0x00001331      0x370 ./Src/main.o
 .debug_macro   0x000016a1       0x16 ./Src/main.o
 .debug_macro   0x000016b7       0x4a ./Src/main.o
 .debug_macro   0x00001701       0x34 ./Src/main.o
 .debug_macro   0x00001735       0x10 ./Src/main.o
 .debug_macro   0x00001745       0x58 ./Src/main.o
 .debug_macro   0x0000179d       0x8e ./Src/main.o
 .debug_macro   0x0000182b       0x1c ./Src/main.o
 .debug_macro   0x00001847      0x185 ./Src/main.o
 .debug_macro   0x000019cc       0x10 ./Src/main.o
 .debug_macro   0x000019dc       0x3c ./Src/main.o
 .debug_macro   0x00001a18       0x20 ./Src/main.o
 .debug_macro   0x00001a38      0x5f1 ./Src/main.o
 .debug_macro   0x00002029       0xc4 ./Src/main.o
 .debug_macro   0x000020ed       0xc4 ./Src/main.o
 .debug_macro   0x000021b1       0xd0 ./Src/main.o
 .debug_macro   0x00002281       0xe8 ./Src/main.o
 .debug_macro   0x00002369      0x180 ./drivers/Src/ssd1306_driver.o
 .debug_macro   0x000024e9      0x17b ./drivers/Src/stm32f407xx_gpio_driver.o
 .debug_macro   0x00002664       0xbe ./drivers/Src/stm32f407xx_gpio_driver.o
 .debug_macro   0x00002722      0x17b ./drivers/Src/stm32f407xx_spi_driver.o

.debug_line     0x00000000     0x25a4
 .debug_line    0x00000000      0x6f8 ./Src/main.o
 .debug_line    0x000006f8       0x7b ./Startup/startup_stm32f407vgtx.o
 .debug_line    0x00000773      0x781 ./drivers/Src/ssd1306_driver.o
 .debug_line    0x00000ef4      0xb6e ./drivers/Src/stm32f407xx_gpio_driver.o
 .debug_line    0x00001a62      0xb42 ./drivers/Src/stm32f407xx_spi_driver.o

.debug_str      0x00000000     0xa0d0
 .debug_str     0x00000000     0xa0d0 ./Src/main.o
                               0x9d58 (size before relaxing)
 .debug_str     0x0000a0d0       0x82 ./Startup/startup_stm32f407vgtx.o
 .debug_str     0x0000a0d0     0x9d81 ./drivers/Src/ssd1306_driver.o
 .debug_str     0x0000a0d0     0x9aab ./drivers/Src/stm32f407xx_gpio_driver.o
 .debug_str     0x0000a0d0     0x9b1d ./drivers/Src/stm32f407xx_spi_driver.o

.comment        0x00000000       0x43
 .comment       0x00000000       0x43 ./Src/main.o
                                 0x44 (size before relaxing)
 .comment       0x00000043       0x44 ./drivers/Src/ssd1306_driver.o
 .comment       0x00000043       0x44 ./drivers/Src/stm32f407xx_gpio_driver.o
 .comment       0x00000043       0x44 ./drivers/Src/stm32f407xx_spi_driver.o

.debug_frame    0x00000000      0x79c
 .debug_frame   0x00000000       0xc8 ./Src/main.o
 .debug_frame   0x000000c8      0x184 ./drivers/Src/ssd1306_driver.o
 .debug_frame   0x0000024c      0x1c8 ./drivers/Src/stm32f407xx_gpio_driver.o
 .debug_frame   0x00000414      0x33c ./drivers/Src/stm32f407xx_spi_driver.o
 .debug_frame   0x00000750       0x20 /Applications/STM32CubeIDE.app/Contents/Eclipse/plugins/com.st.stm32cube.ide.mcu.externaltools.gnu-tools-for-stm32.13.3.rel1.macos64_1.0.0.202411102158/tools/bin/../lib/gcc/arm-none-eabi/13.3.1/../../../../arm-none-eabi/lib/thumb/v7e-m/nofp/libc_nano.a(libc_a-memset.o)
 .debug_frame   0x00000770       0x2c /Applications/STM32CubeIDE.app/Contents/Eclipse/plugins/com.st.stm32cube.ide.mcu.externaltools.gnu-tools-for-stm32.13.3.rel1.macos64_1.0.0.202411102158/tools/bin/../lib/gcc/arm-none-eabi/13.3.1/../../../../arm-none-eabi/lib/thumb/v7e-m/nofp/libc_nano.a(libc_a-init.o)

.debug_line_str
                0x00000000       0x66
 .debug_line_str
                0x00000000       0x66 ./Startup/startup_stm32f407vgtx.o
